abridged-2.0.2-neoforge-21.1.jar
abundant_atmosphere-1.21.1-2.0.0-beta2-neoforge.jar
accessories-neoforge-1.1.0-beta.53+1.21.1.jar
accessories_compat_layer-neoforge-0.1.12+1.21.1.jar
additionalbars-5.1.0.jar
aerellcrafter-1.1.0-1.21.1-neoforge.jar
afterimages-neoforge-1.21.1-1.1.4.jar
AI-Improvements-1.21-0.5.3.jar
almostunified-neoforge-1.21.1-1.4.2.jar
alternate_current-mc1.21-1.9.0.jar
amplified-nether-height-1.2+datapack.jar
Amplified_Nether_26.2_v1.2.16.jar
arcadia-better-creative-1.1.0.jar
architectury-13.0.8-neoforge.jar
async-neoforge-0.2.0+alpha-1.21.1.jar
AsyncParticles-21.1.4.1+1.21.1.jar
athena-neoforge-1.21.1-4.0.6.jar
atmospherics-2.6.5-mc-1.21.1.jar
BadOptimizations-2.4.1-1.21.1.jar
balm-neoforge-1.21.1-21.0.63.jar
BarteringStation-v21.1.0-1.21.1-NeoForge.jar
belts-neoforge-0.2.2.jar
better-advanced-tooltips-2101.1.0-build.5.jar
bettercombat-neoforge-2.4.0+1.21.1.jar
betterharvestlevels-neoforge-1.21.1-2.0.1.jar
betterworldloadingnf21-1.0.jar
better_saved_tabs-neoforge-0.1.0+1.21.1.jar
beyond_mines_falling-1.3.0-neoforge-1.21.1.jar
biggerstorage1.21.1-neoforge-1.0.0.jar
biolith-neoforge-3.0.14.jar
blocksabound-0.3.0.jar
bugfixes-neoforge-1.0.0.0+1.21-1.21.5.jar
BuildersDelight-1.21.1-v.1.4.jar
c2me-neoforge-mc1.21.1-0.4.0-alpha.0.122.jar
cable_facades-1.21.1-NeoForge-2.1.4.jar
castles_and_keeps-1.0.9.1-1.21.1-neoforge.jar
caveoverhaul-nf-1.21.1-1.3.3.1.jar
CBMultipart-1.21.1-3.5.0.155.jar
cc-tweaked-1.21.1-forge-1.120.2.jar
cc_modern-0.1.1.jar
CerbonsAPI-NeoForge-1.21-1.3.0.jar
chatbubbles-1.1.0.jar
chatcalc-1.0.0-1.21.1.jar
cherishedworlds-neoforge-10.1.1+1.21.1.jar
chipped-neoforge-1.21.1-4.0.2.jar
Chunky-NeoForge-1.4.23.jar
ClimateRivers-v21.1.3-1.21.1-NeoForge.jar
cloth-config-15.0.140-neoforge.jar
CodeChickenLib-1.21.1-4.6.1.529.jar
cogwheel-0.5.5.jar
collective-1.21.1-8.39.jar
condensed_creative-3.4.1+1.21-neoforge.jar
ConfigManager-neoforge-1.21.x-1.0.1.jar
configured-neoforge-1.21.1-2.6.3.jar
ConfiguredDefaults-v21.1.3-1.21.1-NeoForge.jar
confluencegunanimationfix-1.5.0.jar
ConfluenceOtherworld-1.2.4-260226.jar
confluencerechiseled-1.0.0.jar
confluence_music-1.2.4.1-260428.jar
coolrain-1.21.1-NeoForge-1.0.1.jar
copycats-3.0.9+mc.1.21.1-neoforge.jar
Corgilib-NeoForge-1.21.1-5.0.0.9.jar
crafting_accessory-1.0.0.jar
CrashAssistant-neoforge-1.20.6-1.21.4-1.11.12.jar
Create Encased-1.21.1-1.9.0-ht3.jar
create-1.21.1-6.0.10.jar
create-dyn-light-forge-1.21.1-2.0.1.jar
create-lights-and-controls-1.21.1-2.2.1.jar
create-more-girder-2.3.0-neo.jar
create-new-age-1.2.0+neoforge-mc1.21.1.jar
create-renewable-netherite-2.0.1.jar
create-wrencheable-planes-2.0.jar
CreateAlerted-0.2.1.jar
createbetterfps-1.21.1-1.1.5.jar
createcclogistics-1.21.1-0.3.6.jar
createcontraptionterminals-1.21-1.4.0.jar
createdeco-2.1.3.jar
createenchantablemachinery-3.6.0+mc1.21.1-neoforge.jar
createfactorycontroller-1.1.1-neoforge-1.21.1.jar
createfiltersanywhere-2.3.0-1.21.1.jar
createjeicompat-1.0.3.jar
CreateLazyTick-2.6.25-6.0.10-neoforge-1.21.1.jar
createmorewrenchables-1.0.0.jar
createpipeconnector-neoforge-1.21.1-1.2.0.jar
createprism-1.2.2.jar
create_break_it_all_2.0.0.jar
create_connected-1.3.3-mc1.21.1.jar
create_continuum-1.0.0-1.21.1-neoforge.jar
create_copper_and_zinc-2.0.0-neoforge-1.21.1.jar
create_ergonomic-1211-6.0.9-0.5.1-neoforge.jar
create_heat_js-1.21.1-0.0.6.jar
create_jetpack_curios-1.2.0-neoforge-1.21.1.jar
create_maintenance_control-1.2.0-mc1.21.1.jar
create_mixed_casing-1.21.1-1.1.1.jar
create_more_fluid_tanks-1.1.6.jar
create_multiplanar_crafters-mc1.21.1-0.4.18.jar
create_processing-1.0.1.jar
Create_Redstone_Link_Essentials-1.0.1.jar
create_storage_terminal-neoforge-1.21.1-0.1.3.jar
cristellib-neoforge-1.21.1-3.1.7.jar
curios-neoforge-9.5.1+1.21.1.jar
CustomMachinery-neoforge-1.21.1-0.10.70.jar
CustomMachineryCreate-1.21.1-1.2.7.jar
cwb-neoforge-3.0.0+mc1.21.jar
Cyberspace 5.0.2 (NF1.21.1).jar
deeper_dark-3.1.0.jar
deployer-0.1.3.jar
desert_pillager_wall-1.0.0-neoforge-1.21.1.jar
Design-n-Decor-1.21.1-2.2b.jar
DiagonalFences-v21.1.1-1.21.1-NeoForge.jar
DiagonalWalls-v21.1.2-1.21.1-NeoForge.jar
DiagonalWindows-v21.1.1-1.21.1-NeoForge.jar
dimensionaltrialchambers-neoforge-1.21.1-1.0.2.jar
DistantHorizons-3.3.2-1.21.1.jar
distantthunders-mc1.21.1-neoforge-1.1.0.jar
DistinguishedPotions-v21.1.1-1.21.1-NeoForge.jar
Drip Sounds-0.5.2+1.21.8-NeoForge.jar
drones-neoforge-1.1.0.jar
dropdown_keybindings-1.0.0.jar
dungeons-and-taverns-jungle-temple-replacement-v1.2.jar
dungeons-and-taverns-pillager-outpost-overhaul-v2.2.jar
dungeons-and-taverns-stronghold-overhaul-v2.1.f.jar
dungeons-and-taverns-v4.4.4.jar
dungeons-and-taverns-woodland-mansion-replacement-v1.2.jar
DyedFlames-v21.1.1-1.21.1-NeoForge.jar
dynamic-performance-0.2.0+1.21-neoforge.jar
dynamicsurroundings-neoforge-1.21.1-0.4.4.jar
easybuilding-neoforge-1.21.1-v1.1.jar
endercon-3.2.jar
EnderZoology-v21.1.4-1.21.1-NeoForge.jar
enhanced-world-creation-1.3.2-neoforge+1.21.jar
EnhancedTooltips-1.10.0+neoforge.1.21.1.jar
enhanced_workbenches-neoforge-2.2+1.21.1.jar
enoughfolders-1.21.1-neoforge-1.0.2.jar
entityculling-neoforge-1.10.5-mc1.21.1.jar
Epic Jungle Temples v1.0.2.jar
epic-structures-villages-2.0.0.jar
Essential_1-5-0-1_neoforge_1-21-1.jar
everycomp-1.21-2.11.52-neoforge.jar
experiencelib-1.21.1-1.2.1.jar
Explorify v1.6.5.mod.jar
extra_gauges-2.1.3.jar
factory_blocks-neoforge-1.4.0+mc1.21.1.jar
fancymenu_neoforge_3.9.12_MC_1.21.1.jar
FastItemFrames-v21.1.6-1.21.1-NeoForge.jar
ferritecore-7.0.3-neoforge.jar
field-neoforge-1.21.1-1.1.1.jar
flerovium-neoforge-1.21.1-1.1.2-all.jar
fluidjs-1.2.3.jar
fluidlogistics-1.3.0-mc1.21.1.jar
ForgeConfigAPIPort-v21.1.6-1.21.1-NeoForge.jar
ftb-library-neoforge-2101.1.31.jar
ftb-quests-neoforge-2101.1.24.jar
ftb-teams-neoforge-2101.1.10.jar
ftb-xmod-compat-neoforge-21.1.8.jar
FTBQuestsOptimizer-neoforge-3.2.0-1.21.1.jar
fusion-1.3.15a-neoforge-mc1.21.1.jar
fzzy_config-0.7.6+1.21+neoforge.jar
Galosphere-1.21.1-1.5.5-NeoForge.jar
geckolib-neoforge-1.21.1-4.8.4.jar
gemsrealm-1.21-2.11.3-neoforge.jar
glow-1.3.1.jar
GnKinetics-1.21.1-1.0m.jar
GPUTape-1.20.6-1.21x-1.0.3.jar
grounded-neoforge-1.21.1-0.2.0.jar
guideme-21.1.17.jar
HellishTrials-neoforge-1.0.5.jar
HopoBetterMineshaft-[1.21-1.21.3]-1.3.0b.jar
IllagerInvasion-v21.1.6-1.21.1-NeoForge.jar
illagersweararmor-1.21.1-2.4.0.jar
ImmediatelyFast-NeoForge-1.6.14+1.21.1.jar
immersive_aircraft-1.5.2+1.21.1-neoforge.jar
immersive_machinery-0.2.1+1.21.1-neoforge.jar
improved-village-placement-1.1.1.jar
iris-flywheel-compat-NeoForge-2.4.0.jar
iris-neoforge-1.8.14-beta.1+mc1.21.1.jar
item_descriptions-2.8.0+1.21.1-neoforge.jar
Jade-1.21.1-NeoForge-15.10.6.jar
JadeAddons-1.21.1-NeoForge-6.1.1.jar
jei-1.21.1-neoforge-19.56.0.441.jar
jeioptimizer-1.21.1-1.2.0-19.56.jar
jerintegration-6.5.0.jar
JustEnoughBeacons-NeoForge-1.21-1.3.0.jar
justenoughrecipesharing-neoforge-1.21.1-1.0.2.jar
JustEnoughResources-NeoForge-1.21.1-1.6.0.17.jar
justkeybinds-neoforge-1.21.1-1.0.0.jar
keybindbundles-1.3.1.jar
keybindjs-2101-1.0.1.jar
Kiwi-1.21.1-NeoForge-15.8.7.jar
kjscauto-0.8.0-beta-neoforge.jar
konkrete_neoforge_1.9.9_MC_1.21.jar
kotlinforforge-5.12.0-all.jar
KryptonFoxified-0.1.0+mc1.21.jar
kubejei-1.0.0.jar
kubejs-create-neoforge-2101.3.1-build.18.jar
kubejs-neoforge-2101.7.2-build.377.jar
kubejsstudio-neoforge-1.21.1-1.1.0.jar
kubejs_curios_neoforge_1.21.1-1.0.4.jar
kubejs_oritech-neoforge-1.21.1-0.4.5.jar
kubejs_rechiseled-1.0.jar
kubeloader-21-0.1.0-Alpha-7.jar
lanternlib-1.21.1-2.3.0.jar
LeashableVillagers-1.3-NeoForge-1.21.jar
LeaveMyBarsAlone-v21.1.2-1.21.1-NeoForge.jar
LeavesBeGone-v21.1.1-1.21.1-NeoForge.jar
lets-do-meadow-sawmill-compat-1.0.jar
letsdo-alpinewhispers-neoforge-1.0.3.jar
letsdo-beachparty-neoforge-2.1.5.jar
letsdo-bloomingnature-neoforge-1.1.11.jar
letsdo-hearth_and_timber-neoforge-1.0.4.jar
letsdo-herbalbrews-neoforge-1.1.4.jar
letsdo-lilis_lucky_lures-neoforge-1.1.5.jar
letsdo-meadow-neoforge-1.4.9.jar
letsdo-wildernature-neoforge-1.1.6.jar
licesidcopy-1.0.0.jar
lightspeed-1.21.1-1.2.3.jar
linktablet-1.14.0.jar
lithium-neoforge-0.15.4+mc1.21.1.jar
lithostitched-1.8.0+beta6-neoforge-21.1.jar
little-big-redstone-1.9.11-1.21.1.jar
littlelogistics-mc1.21.1-v1.21.1.1-beta.2.jar
locatefixer-3.1.0.jar
logfilter-neoforge-1.21.1-1.1.2.jar
lukis-strongholds-v1.0.jar
ly-clumps-v1.0.2.jar
MagnumTorch-v21.1.1-1.21.1-NeoForge.jar
manual_labour-1.21.1-2.4.0.jar
maplink-neoforge-4.5.1-1.21-1.21.1.jar
mcd_d_nether-neoforge-1.21.1-1.3.3.jar
mcjtylib-1.21-9.0.21.jar
mcw-bridges-3.1.2-mc1.21.1neoforge.jar
mcw-mcwfences-1.2.1-mc1.21.1neoforge.jar
mcw-mcwstairs-1.0.2-mc1.21.1neoforge.jar
melody_neoforge_1.0.10_MC_1.21.jar
mezz_config-1.21.1-neoforge-0.5.9.jar
midnightlib-neoforge-1.9.3+1.21.1.jar
mmrcreate-0.1.1.jar
modernfix-neoforge-5.27.24+mc1.21.1.jar
ModernTabs-neoforge-1.6.2.jar
modernworldcreation_neoforge_2.0.1_MC_1.21.1.jar
modtabs-1.21.1-2.5.9-Neoforge.jar
modular_machinery_reborn-1.21.1-3.0.23.jar
MoogsMineshaftsReimagined-1.21-1.0.3.jar
MoogsStructureLib-neoforge-1.21.1-3.3.1.jar
moonlight-1.21.1-3.6.5-neoforge.jar
MoreCraftingTables-1.2.9+1.21-Neo.jar
MoreVillagers-Re-1.21.1-neoforge-1.25.12.4.jar
more_rarities-1.1.0-mc1.21.x-neoforge.jar
MossyLib-1.5.0+1.21.1+neoforge.jar
MouseTweaks-neoforge-mc1.21-2.26.1.jar
mru-1.0.19+LTS+1.21.1+neoforge.jar
NaturalWaters-v21.1.0-mc1.21.1-NeoForge.jar
NBTcopy-NEOFORGE-1.21-1.0.4.jar
Necronomicon-NeoForge-1.6.0+1.21.jar
netherportalfix-neoforge-1.21.1-21.1.1.jar
netherrack-recipe-1.jar
NETMiscCompat-1.21-v1.0.jar
noisium-neoforge-2.7.0+mc1.21-1.21.1.jar
NotEnoughTrials-1.21-v6.4-Neoforge.jar
obe+1.21.1-neoforge-1.1.45.jar
Oh-The-Biomes-Weve-Gone-NeoForge-2.6.0.jar
Oh-The-Trees-Youll-Grow-neoforge-1.21.1-5.3.2.jar
opallight-1.0.0.jar
oracle_index-neoforge-1.4.0.jar
oritech-neoforge-1.21.1-1.2.12.jar
owo-lib-neoforge-0.12.15.5-beta.1+1.21.jar
packed_packs-neoforge-2.2.4+1.21.1.jar
packetfixer-3.3.1-1.20.5-1.21.X-merged.jar
Paraglider-neoforge-21.1.5.jar
particlerain-4.0.0-beta.11+1.21.1-neoforge.jar
particle_core-0.3.3+1.21+neoforge.jar
PersistentCreativeInventory-1.0.1.jar
petrolpark-1.21.1-1.5.11.jar
petrolsparts-1.21.1-1.3.7.jar
PickUpNotifier-v21.1.1-1.21.1-NeoForge.jar
pipez-neoforge-1.21.1-1.2.31.jar
Platform-neoforge-1.21.1-1.3.3.jar
player-animation-lib-forge-2.0.4+1.21.1.jar
ponderjs-neoforge-1.21.1-2.4.0.jar
ProbeJS-8.0.2.jar
ProjectRed-1.21.1-4.23.0-core.jar
ProjectRed-1.21.1-4.23.0-exploration.jar
ProjectRed-1.21.1-4.23.0-fabrication.jar
ProjectRed-1.21.1-4.23.0-illumination.jar
ProjectRed-1.21.1-4.23.0-integration.jar
ProjectRed-1.21.1-4.23.0-transmission.jar
pulsetech-1.21.1-1.1.4.jar
PuzzlesLib-v21.1.60-mc1.21.1-NeoForge.jar
Quad-1.2.9+1.21.1-Neo.jar
recharged-0.3.0-1.21.1.jar
rechiseled-1.2.6-neoforge-mc1.21.jar
rechiseledcreate-1.1.1-neoforge-mc1.21.jar
rechiseled_chipped-2.0-1.21.1.jar
redstonemanager-neoforge_1.21.1-0.0.9.jar
redstonepen-1.21-neoforge-1.11.42.jar
reeses-sodium-options-neoforge-2.2.4+mc1.21.1.jar
regions-unexplored-0.6.2-neoforge-21.1.jar
reliable_advancements-neoforge-1.21.1-6.2.5.jar
reliable_recipes-neoforge-1.21.1-3.2.0.jar
reliable_recount-neoforge-1.21.1-2.0.3.jar
reliable_remover-neoforge-1.21.1-3.1.1.jar
reliable_replacer-neoforge-1.21.1-1.8.0.jar
resourcefullib-neoforge-1.21-3.0.12.jar
Resourcify (1.21.1-neoforge)-1.8.6.jar
RespawningAnimals-v21.1.2-1.21.1-NeoForge.jar
rhino-2101.2.7-build.85.jar
rinku_neoforge_3.0.4_MC_1.21.1.jar
roadarchitect-1.6.6-neoforge+1.21.1.jar
roadarchitect_encounters-1.1.0-neoforge+1.21.1.jar
roadweaver-neoforge-2.3.1-1.21.1-hotfix.jar
rsec-neoforge-1.21.1-1.1.jar
sawmill-1.21-1.8.1-neoforge.jar
servercore-neoforge-1.5.19+1.21.1.jar
shulker_accessories-1.2.0.jar
SimpleCustomEarlyLoading-2.2-neoforge.jar
Slag-n-Embers-1.21.1-1.1a.jar
Slag-n-Embers-Create-Compat-1.21.1-1.0a.jar
SlotCycler-v21.1.1-1.21.1-NeoForge.jar
smarterfarmers-1.21-2.2.4-neoforge.jar
SmoothBoot-NeoForge+1.21-1.0.0.jar
sodium-neoforge-0.8.13+mc1.21.1.jar
sodiumdynamiclights-neoforge-1.0.10-1.21.1.jar
SomeMoreBlocks@neoforge-1.21-1.1.5-HF.jar
sounds-2.4.22+lts+1.21.1-neoforge.jar
spark-1.10.124-neoforge.jar
spiffyhud_neoforge_3.1.2_MC_1.21.1.jar
spyglass_improvements-1.5.7+mc1.21+neoforge.jar
statuseffectbars-1.21.1-NeoForge-1.0.2.jar
stonezone-1.21-2.11.17-neoforge.jar
StreamsReflowing-1.21.1-neoforge-2.13.8.jar
Structory_26.2_v1.3.7.jar
Structory_Towers_26.1_v1.0.16.jar
struts-1.3.1.jar
StylishEffects-v21.1.3-1.21.1-NeoForge.jar
subsurface-1.0.4.jar
SubtleEffects-neoforge-1.21.1-1.14.3.jar
supermartijn642configlib-1.1.8-neoforge-mc1.21.jar
supermartijn642corelib-1.1.24-neoforge-mc1.21.jar
supplementaries-1.21.1-3.9.9-neoforge.jar
TerraBlender-neoforge-1.21.1-4.1.0.8.jar
Terralith_1.21.1_v2.6.2_Neoforge.jar
Terralith_ReStoned_v1.3.1.jar
tesseract-api-neoforge-1.12.16-1.21.1.jar
toms_storage-1.21-2.4.2.jar
toolsjs-0.1.1.jar
totw_modded-neoforge-1.21-1.0.9.jar
tower_of_chambers-42.55 Release-neoforge-1.21.1.jar
tracksta-neoforge-1.0.0.jar
TradingPost-v21.1.1-1.21.1-NeoForge.jar
trading_floor-3.0.16.jar
trashslot-neoforge-1.21.1-21.1.11.jar
unbreakables-neoforge-1.21.1-21.1.15.jar
underground-rivers-1.0.3-neoforge-21.1.jar
UniversalBoneMeal-v21.1.0-1.21.1-NeoForge.jar
universalkeyboard-1.3.5.jar
VanillaBackport-neoforge-1.21.1-1.1.7.10.jar
vb-compat-2.2-1.21.1.jar
Villager-API-1.21.1-neoforge-1.26.1.3.jar
villager-hats-1.7.2+1.21.jar
villager_country_house-1.0.0-neoforge-1.21.1.jar
villager_fishermans_hut-1.0.0-neoforge-1.21.1.jar
villager_fletcher_house-1.0.0-neoforge-1.21.1.jar
villager_forge-1.0.0-neoforge-1.21.1.jar
villager_train_station-1.0.0-neoforge-1.21.1.jar
visitingvillagers-1.0.2-mc1.21.1.jar
voicechat-neoforge-1.21.1-2.6.20.jar
wandering-trader-maps-v1.0.0.jar
waterfall-1.0.jar
waystones-neoforge-1.21.1-21.1.34.jar
waystonesuiplus-1.6.0.jar
welcomescreen-neoforge-1.0.0-1.21.1.jar
wwoo-neoforge-2.6.7.jar
xaerominimap-neoforge-1.21.1-26.5.0.jar
xaeroregions-neoforge-1.21.1-1.0.8.jar
xaeros-map-server-utils-1.1.0.jar
xaeroworldmap-neoforge-1.21.1-1.45.0.jar
yet_another_config_lib_v3-3.8.2+1.21.1-neoforge.jar
yosbr-neo-0.1.2.1.jar
YungsApi-1.21.1-NeoForge-5.1.9.jar
YungsBetterMineshafts-1.21.1-NeoForge-5.1.1.jar
YungsBetterNetherFortresses-1.21.1-NeoForge-3.1.5.jar
YungsBetterOceanMonuments-1.21.1-NeoForge-4.1.2.jar
YungsBridges-1.21.1-NeoForge-5.1.1.jar
YungsMenuTweaks-1.21.1-NeoForge-2.1.2.jar
zombievillagersfromspawner-1.21.1-3.9.jar
